
> tcg-case-agent-chat@2.6.0 build
> tsc --noEmit && vite build --emptyOutDir

vite v8.0.13 building client environment for production...
[2K
transforming...✓ 3885 modules transformed.
rendering chunks...
computing gzip size...
dist/index.html                                         0.71 kB │ gzip:   0.50 kB
dist/assets/index-YOlRCMIi.css                         50.49 kB │ gzip:  10.96 kB
dist/assets/pie-WAS4IAKB-DOw5Krvn.js                    0.08 kB │ gzip:   0.09 kB
dist/assets/info-A6RAGUB7-CLt-e6Mz.js                   0.08 kB │ gzip:   0.09 kB
dist/assets/radar-RG4KPBEZ-Bq-JN-2L.js                  0.08 kB │ gzip:   0.09 kB
dist/assets/packet-AYTQ26CC-B2TdedHz.js                 0.08 kB │ gzip:   0.10 kB
dist/assets/cynefin-OW5HDTMX-CPZhID_I.js                0.08 kB │ gzip:   0.10 kB
dist/assets/treemap-WGGIJYW6-RnBnYh9m.js                0.08 kB │ gzip:   0.09 kB
dist/assets/wardley-WFR3VGLG-CwKXvUDk.js                0.08 kB │ gzip:   0.10 kB
dist/assets/gitGraph-4MIJSDKK-5l_0T57M.js               0.09 kB │ gzip:   0.10 kB
dist/assets/railroad-74A4TZTK-Bx89w8IA.js               0.09 kB │ gzip:   0.10 kB
dist/assets/treeView-Q6P3EWNA-Dd1AMSKq.js               0.09 kB │ gzip:   0.10 kB
dist/assets/railroad-peg-WCYAUIDC-BQEnJoxj.js           0.09 kB │ gzip:   0.10 kB
dist/assets/architecture-7GRP2DOG-BT_yhJca.js           0.09 kB │ gzip:   0.10 kB
dist/assets/railroad-abnf-HS5TGJTU-CST5o-rB.js          0.09 kB │ gzip:   0.10 kB
dist/assets/railroad-ebnf-LZEXJU2U-R38lT1Ez.js          0.09 kB │ gzip:   0.10 kB
dist/assets/eventmodeling-NTZA5JFV-DNsMqQgI.js          0.09 kB │ gzip:   0.10 kB
dist/assets/array-DOi354IC.js                           0.10 kB │ gzip:   0.11 kB
dist/assets/channel-CAFpF8vW.js                         0.11 kB │ gzip:   0.12 kB
dist/assets/init-D6BkKxYF.js                            0.14 kB │ gzip:   0.12 kB
dist/assets/chunk-Y2CYZVJY-CGmbByfC.js                  0.15 kB │ gzip:   0.14 kB
dist/assets/chunk-2Q5K7J3B-ConHyVmC.js                  0.19 kB │ gzip:   0.16 kB
dist/assets/chunk-JWPE2WC7--07iJXYk.js                  0.22 kB │ gzip:   0.17 kB
dist/assets/chunk-XXDRQBXY-ChOo-a4e.js                  0.26 kB │ gzip:   0.22 kB
dist/assets/chunk-CLGD4ZFX-C8Jl9vvh.js                  0.32 kB │ gzip:   0.25 kB
dist/assets/chunk-5VM5RSS4-CWQFI7jY.js                  0.36 kB │ gzip:   0.27 kB
dist/assets/chunk-POPQ4Y6H-sUKRJ3Gi.js                  0.57 kB │ gzip:   0.40 kB
dist/assets/flowDiagram-HODETNUW-CoYFemsH.js            0.61 kB │ gzip:   0.32 kB
dist/assets/infoDiagram-27XIBGKW-BXjOGLFo.js            0.65 kB │ gzip:   0.42 kB
dist/assets/classDiagram-ZZMXUADV-CBPhqq0e.js           0.78 kB │ gzip:   0.44 kB
dist/assets/classDiagram-v2-VYDZK3BY-DrzAYAm-.js        0.78 kB │ gzip:   0.44 kB
dist/assets/stateDiagram-v2-MP3YSRHH-DEpDwUNH.js        0.78 kB │ gzip:   0.44 kB
dist/assets/swimlanesDiagram-VR7AAH4N-bQYyBp3X.js       0.87 kB │ gzip:   0.49 kB
dist/assets/sizeCapture-INFHLROL-q-pmtHvu.js            0.87 kB │ gzip:   0.51 kB
dist/assets/line-D2IFRUa-.js                            0.94 kB │ gzip:   0.47 kB
dist/assets/ordinal-DlVEZ8jl.js                         1.17 kB │ gzip:   0.57 kB
dist/assets/chunk-GVQU2GXP-Dd6WGu9u.js                  1.42 kB │ gzip:   0.79 kB
dist/assets/railroadDiagram-O6MQD6OU-DCoHL1By.js        1.66 kB │ gzip:   0.77 kB
dist/assets/abnfDiagram-VCTEODGH-nk_mOoQd.js            1.84 kB │ gzip:   0.90 kB
dist/assets/chunk-P2QGCYS3-lIo6Yh1K.js                  1.94 kB │ gzip:   0.95 kB
dist/assets/chunk-F27PBJKO-DazdjEQQ.js                  1.97 kB │ gzip:   0.88 kB
dist/assets/pegDiagram-XKGWAZYB-YbkfKpjl.js             2.01 kB │ gzip:   0.95 kB
dist/assets/ebnfDiagram-PWID7BFC-CtzsY-N2.js            2.06 kB │ gzip:   0.89 kB
dist/assets/dist-MEmYppYd.js                            2.16 kB │ gzip:   0.96 kB
dist/assets/path-BZctBXDB.js                            2.31 kB │ gzip:   0.99 kB
dist/assets/arc-BcfXFrnP.js                             3.47 kB │ gzip:   1.46 kB
dist/assets/chunk-TLUHSLCS-DB2dUr8Y.js                  3.75 kB │ gzip:   1.55 kB
dist/assets/diagram-Z3DM3KII-BC112hwo.js                4.28 kB │ gzip:   1.85 kB
dist/assets/defaultLocale-Cs6gqQTE.js                   4.64 kB │ gzip:   2.12 kB
dist/assets/linear-C1sneq6V.js                          5.52 kB │ gzip:   2.25 kB
dist/assets/chunk-PWAF6VOD-BLsqtLjj.js                  5.82 kB │ gzip:   2.68 kB
dist/assets/diagram-UQ7AKVKN-C2U_Sbr7.js                6.06 kB │ gzip:   2.56 kB
dist/assets/pieDiagram-E7YTZNPT-Cy6uMQgX.js             6.24 kB │ gzip:   2.60 kB
dist/assets/diagram-S7CK7UJ4-C8s0nP4F.js                8.19 kB │ gzip:   3.65 kB
dist/assets/chunk-L3NEJ4N5-Hi1TqE2N.js                  9.71 kB │ gzip:   2.93 kB
dist/assets/cynefinDiagram-5FMLGOSQ-BfVFF2Wa.js         9.91 kB │ gzip:   3.51 kB
dist/assets/chunk-2E4U76K2-9zS3xpBu.js                 10.40 kB │ gzip:   4.16 kB
dist/assets/diagram-VSXAHHWV-CT10uBUk.js               10.61 kB │ gzip:   4.09 kB
dist/assets/stateDiagram-D77RDMKH-DrLlLLAN.js          10.64 kB │ gzip:   3.73 kB
dist/assets/dagre-GXQ25YYZ--hqHoIoz.js                 10.96 kB │ gzip:   4.14 kB
dist/assets/chunk-SVP7TREG-CvvWDryR.js                 15.64 kB │ gzip:   4.35 kB
dist/assets/diagram-VX7I27RA-BdX83adw.js               15.74 kB │ gzip:   5.52 kB
dist/assets/ishikawaDiagram-5VMMS53U-CDUpaiTN.js       17.34 kB │ gzip:   6.54 kB
dist/assets/kanban-definition-UXKFOSKX-CALlw7xX.js     20.34 kB │ gzip:   7.18 kB
dist/assets/sankeyDiagram-P5KCCOFB-CvVqzk7v.js         22.82 kB │ gzip:   8.26 kB
dist/assets/journeyDiagram-3NMN7TZE-B4LDBtfa.js        23.20 kB │ gzip:   8.18 kB
dist/assets/mindmap-definition-YA3MSWOX-BFVxFsaA.js    23.49 kB │ gzip:   8.02 kB
dist/assets/graphlib-CMVU3iJd.js                       23.90 kB │ gzip:   8.31 kB
dist/assets/wardleyDiagram-VM6X3IG4-CYSdCB7C.js        25.22 kB │ gzip:   6.55 kB
dist/assets/purify.es-BIaOJfIT.js                      26.92 kB │ gzip:  10.70 kB
dist/assets/rough.esm-By5feeRy.js                      27.10 kB │ gzip:   8.85 kB
dist/assets/gitGraphDiagram-WWUBYQGX-BJUALaVa.js       29.01 kB │ gzip:   8.55 kB
dist/assets/timeline-definition-24CTP7MA-DiMF3Ja3.js   30.42 kB │ gzip:   9.98 kB
dist/assets/erDiagram-RLTQ6QDP-BBj5StTy.js             30.72 kB │ gzip:  10.57 kB
dist/assets/chunk-75Z2AOVW-BBvvzKMO.js                 30.87 kB │ gzip:   8.52 kB
dist/assets/requirementDiagram-BXWQKSXE-KATmTi0g.js    31.03 kB │ gzip:   9.78 kB
dist/assets/quadrantDiagram-AXDQQJYC-Bnu6FwlE.js       33.54 kB │ gzip:   9.74 kB
dist/assets/mermaid.core-CKz4mWim.js                   35.54 kB │ gzip:  11.92 kB
dist/assets/chunk-OSK3NFVY-BF8FmEIo.js                 36.46 kB │ gzip:   7.95 kB
dist/assets/dagre-BAeYZ_r9.js                          36.85 kB │ gzip:  13.22 kB
dist/assets/chunk-IMKFNOWR-ClaSF0GW.js                 37.75 kB │ gzip:  12.31 kB
dist/assets/vennDiagram-4TSXK5OY-YNXO12Ve.js           41.19 kB │ gzip:  15.12 kB
dist/assets/blockDiagram-I7D4REHJ-BeRe5FoK.js          41.46 kB │ gzip:  13.34 kB
dist/assets/xychartDiagram-S5SC5T6Z-BcJdyVNF.js        44.19 kB │ gzip:  12.22 kB
dist/assets/src-CX6Qbsr1.js                            45.72 kB │ gzip:  16.02 kB
dist/assets/chunk-LNGE3PJU-D3iMzYUR.js                 46.39 kB │ gzip:  15.54 kB
dist/assets/chunk-TICWLB2K-Dm7eZFOP.js                 48.88 kB │ gzip:  15.79 kB
dist/assets/chunk-GMAD6QVW-BQr2aF3V.js                 51.87 kB │ gzip:  16.68 kB
dist/assets/chunk-SHT3W25Y-BPPVokSa.js                 61.32 kB │ gzip:  19.88 kB
dist/assets/c4Diagram-7LVT6UL2-L8FDjxb7.js             64.76 kB │ gzip:  18.54 kB
dist/assets/ganttDiagram-EL5Y4UJY-DLK2yE5E.js          69.42 kB │ gzip:  22.76 kB
dist/assets/cose-bilkent-JH36ORCC-C5CQWYw9.js          81.43 kB │ gzip:  21.58 kB
dist/assets/chunk-4HAMMTFA-BOFZOL11.js                104.85 kB │ gzip:  25.62 kB
dist/assets/swimlanes-42K2YHIH-CRLzSSO3.js            111.17 kB │ gzip:  38.02 kB
dist/assets/sequenceDiagram-WJ2MYXX4-BLo5VyVb.js      115.86 kB │ gzip:  30.63 kB
dist/assets/architectureDiagram-5GKGNRK7-SzddGp1r.js  149.32 kB │ gzip:  41.20 kB
dist/assets/chunk-DU6HZSFF-Bt8DfbzO.js                208.68 kB │ gzip:  27.51 kB
dist/assets/katex-BX7tf0FL.js                         258.88 kB │ gzip:  77.46 kB
dist/assets/index-y3khWVu-.js                         347.26 kB │ gzip: 106.01 kB
dist/assets/cytoscape.esm-CB3EscoU.js                 435.57 kB │ gzip: 137.96 kB
dist/assets/mermaid-parser.core-BYemxCvB.js           678.07 kB │ gzip: 146.59 kB

✓ built in 1.19s
npm warn Unknown env config "http-proxy". This will stop working in the next major version of npm.
[plugin builtin:vite-reporter] 
(!) Some chunks are larger than 500 kB after minification. Consider:
- Using dynamic import() to code-split the application
- Use build.rolldownOptions.output.codeSplitting to improve chunking: https://rolldown.rs/reference/OutputOptions.codeSplitting
- Adjust chunk size limit for this warning via build.chunkSizeWarningLimit.
